--------------------------------------------------------------------------------------
Timing Analyzer Summary
--------------------------------------------------------------------------------------

Type           : Worst-case tsu
Slack          : N/A
Required Time  : None
Actual Time    : 2.036 ns
From           : rst
To             : Stabilizer:stab|tmp1
From Clock     : --
To Clock       : clk
Failed Paths   : 0

Type           : Worst-case tco
Slack          : N/A
Required Time  : None
Actual Time    : 32.436 ns
From           : DigitalTubeCounter:DTC|TubeCode0Out[2]
To             : TubeDispOut[3]
From Clock     : clk
To Clock       : --
Failed Paths   : 0

Type           : Worst-case th
Slack          : N/A
Required Time  : None
Actual Time    : -1.482 ns
From           : rst
To             : Stabilizer:stab|tmp1
From Clock     : --
To Clock       : clk
Failed Paths   : 0

Type           : Clock Setup: 'clk'
Slack          : N/A
Required Time  : None
Actual Time    : 108.70 MHz ( period = 9.200 ns )
From           : Beep:BP|\P2:c3[2]
To             : Beep:BP|\P2:c3[5]
From Clock     : clk
To Clock       : clk
Failed Paths   : 0

Type           : Clock Hold: 'clk'
Slack          : Not operational: Clock Skew > Data Delay
Required Time  : None
Actual Time    : N/A
From           : counter:maincounter|cnt_tmp[2]
To             : DigitalTubeCounter:DTC|TubeCode6Out[2]
From Clock     : clk
To Clock       : clk
Failed Paths   : 69

Type           : Total number of failed paths
Slack          : 
Required Time  : 
Actual Time    : 
From           : 
To             : 
From Clock     : 
To Clock       : 
Failed Paths   : 69

--------------------------------------------------------------------------------------

