Analysis & Synthesis report for TrafficLightsControl
Sat Oct 10 14:15:01 2020
Quartus II 64-Bit Version 9.1 Build 222 10/21/2009 SJ Full Version


---------------------
; Table of Contents ;
---------------------
  1. Legal Notice
  2. Analysis & Synthesis Summary
  3. Analysis & Synthesis Settings
  4. Parallel Compilation
  5. Analysis & Synthesis Source Files Read
  6. Analysis & Synthesis Resource Usage Summary
  7. Analysis & Synthesis Resource Utilization by Entity
  8. General Register Statistics
  9. Inverted Register Statistics
 10. Multiplexer Restructuring Statistics (Restructuring Performed)
 11. Analysis & Synthesis Messages



----------------
; Legal Notice ;
----------------
Copyright (C) 1991-2009 Altera Corporation
Your use of Altera Corporation's design tools, logic functions 
and other software and tools, and its AMPP partner logic 
functions, and any output files from any of the foregoing 
(including device programming or simulation files), and any 
associated documentation or information are expressly subject 
to the terms and conditions of the Altera Program License 
Subscription Agreement, Altera MegaCore Function License 
Agreement, or other applicable license agreement, including, 
without limitation, that your use is for the sole purpose of 
programming logic devices manufactured by Altera and sold by 
Altera or its authorized distributors.  Please refer to the 
applicable agreement for further details.



+------------------------------------------------------------------------+
; Analysis & Synthesis Summary                                           ;
+-----------------------------+------------------------------------------+
; Analysis & Synthesis Status ; Successful - Sat Oct 10 14:15:01 2020    ;
; Quartus II 64-Bit Version   ; 9.1 Build 222 10/21/2009 SJ Full Version ;
; Revision Name               ; TrafficLightsControl                     ;
; Top-level Entity Name       ; TrafficLightsControl                     ;
; Family                      ; MAX II                                   ;
; Total logic elements        ; 69                                       ;
; Total pins                  ; 32                                       ;
; Total virtual pins          ; 0                                        ;
; UFM blocks                  ; 0 / 1 ( 0 % )                            ;
+-----------------------------+------------------------------------------+


+--------------------------------------------------------------------------------------------------------------------------+
; Analysis & Synthesis Settings                                                                                            ;
+----------------------------------------------------------------------------+----------------------+----------------------+
; Option                                                                     ; Setting              ; Default Value        ;
+----------------------------------------------------------------------------+----------------------+----------------------+
; Device                                                                     ; EPM1270T144C5        ;                      ;
; Top-level entity name                                                      ; TrafficLightsControl ; TrafficLightsControl ;
; Family name                                                                ; MAX II               ; Stratix II           ;
; Use Generated Physical Constraints File                                    ; Off                  ;                      ;
; Use smart compilation                                                      ; Off                  ; Off                  ;
; Enable parallel Assembler and TimeQuest Timing Analyzer during compilation ; On                   ; On                   ;
; Enable compact report table                                                ; Off                  ; Off                  ;
; Restructure Multiplexers                                                   ; Auto                 ; Auto                 ;
; Create Debugging Nodes for IP Cores                                        ; Off                  ; Off                  ;
; Preserve fewer node names                                                  ; On                   ; On                   ;
; Disable OpenCore Plus hardware evaluation                                  ; Off                  ; Off                  ;
; Verilog Version                                                            ; Verilog_2001         ; Verilog_2001         ;
; VHDL Version                                                               ; VHDL_1993            ; VHDL_1993            ;
; State Machine Processing                                                   ; Auto                 ; Auto                 ;
; Safe State Machine                                                         ; Off                  ; Off                  ;
; Extract Verilog State Machines                                             ; On                   ; On                   ;
; Extract VHDL State Machines                                                ; On                   ; On                   ;
; Ignore Verilog initial constructs                                          ; Off                  ; Off                  ;
; Iteration limit for constant Verilog loops                                 ; 5000                 ; 5000                 ;
; Iteration limit for non-constant Verilog loops                             ; 250                  ; 250                  ;
; Add Pass-Through Logic to Inferred RAMs                                    ; On                   ; On                   ;
; Parallel Synthesis                                                         ; On                   ; On                   ;
; NOT Gate Push-Back                                                         ; On                   ; On                   ;
; Power-Up Don't Care                                                        ; On                   ; On                   ;
; Remove Redundant Logic Cells                                               ; Off                  ; Off                  ;
; Remove Duplicate Registers                                                 ; On                   ; On                   ;
; Ignore CARRY Buffers                                                       ; Off                  ; Off                  ;
; Ignore CASCADE Buffers                                                     ; Off                  ; Off                  ;
; Ignore GLOBAL Buffers                                                      ; Off                  ; Off                  ;
; Ignore ROW GLOBAL Buffers                                                  ; Off                  ; Off                  ;
; Ignore LCELL Buffers                                                       ; Off                  ; Off                  ;
; Ignore SOFT Buffers                                                        ; On                   ; On                   ;
; Limit AHDL Integers to 32 Bits                                             ; Off                  ; Off                  ;
; Optimization Technique                                                     ; Balanced             ; Balanced             ;
; Carry Chain Length                                                         ; 70                   ; 70                   ;
; Auto Carry Chains                                                          ; On                   ; On                   ;
; Auto Open-Drain Pins                                                       ; On                   ; On                   ;
; Perform WYSIWYG Primitive Resynthesis                                      ; Off                  ; Off                  ;
; Auto Shift Register Replacement                                            ; Auto                 ; Auto                 ;
; Auto Clock Enable Replacement                                              ; On                   ; On                   ;
; Allow Synchronous Control Signals                                          ; On                   ; On                   ;
; Force Use of Synchronous Clear Signals                                     ; Off                  ; Off                  ;
; Auto Resource Sharing                                                      ; Off                  ; Off                  ;
; Use LogicLock Constraints during Resource Balancing                        ; On                   ; On                   ;
; Ignore translate_off and synthesis_off directives                          ; Off                  ; Off                  ;
; Show Parameter Settings Tables in Synthesis Report                         ; On                   ; On                   ;
; Ignore Maximum Fan-Out Assignments                                         ; Off                  ; Off                  ;
; Synchronization Register Chain Length                                      ; 2                    ; 2                    ;
; PowerPlay Power Optimization                                               ; Normal compilation   ; Normal compilation   ;
; HDL message level                                                          ; Level2               ; Level2               ;
; Suppress Register Optimization Related Messages                            ; Off                  ; Off                  ;
; Number of Removed Registers Reported in Synthesis Report                   ; 100                  ; 100                  ;
; Number of Inverted Registers Reported in Synthesis Report                  ; 100                  ; 100                  ;
; Clock MUX Protection                                                       ; On                   ; On                   ;
; Block Design Naming                                                        ; Auto                 ; Auto                 ;
; Synthesis Effort                                                           ; Auto                 ; Auto                 ;
; Shift Register Replacement - Allow Asynchronous Clear Signal               ; On                   ; On                   ;
; Analysis & Synthesis Message Level                                         ; Medium               ; Medium               ;
; Disable Register Merging Across Hierarchies                                ; Auto                 ; Auto                 ;
+----------------------------------------------------------------------------+----------------------+----------------------+


+------------------------------------------+
; Parallel Compilation                     ;
+----------------------------+-------------+
; Processors                 ; Number      ;
+----------------------------+-------------+
; Number detected on machine ; 4           ;
; Maximum allowed            ; 4           ;
;                            ;             ;
; Average used               ; 1.00        ;
; Maximum used               ; 1           ;
;                            ;             ;
; Usage by Processor         ; % Time Used ;
;     1 processor            ; 100.0%      ;
;     2-4 processors         ;   0.0%      ;
+----------------------------+-------------+


+----------------------------------------------------------------------------------------------------------------------------------------------------+
; Analysis & Synthesis Source Files Read                                                                                                             ;
+----------------------------------+-----------------+-----------------+-----------------------------------------------------------------------------+
; File Name with User-Entered Path ; Used in Netlist ; File Type       ; File Name with Absolute Path                                                ;
+----------------------------------+-----------------+-----------------+-----------------------------------------------------------------------------+
; MainComp.vhd                     ; yes             ; User VHDL File  ; C:/Users/1/Desktop/documents/DigitalExperiments/LearnVHDL/MainComp.vhd      ;
; crossover1000.vhd                ; yes             ; User VHDL File  ; C:/Users/1/Desktop/documents/DigitalExperiments/LearnVHDL/crossover1000.vhd ;
; counter.vhd                      ; yes             ; User VHDL File  ; C:/Users/1/Desktop/documents/DigitalExperiments/LearnVHDL/counter.vhd       ;
; dotdisp.vhd                      ; yes             ; User VHDL File  ; C:/Users/1/Desktop/documents/DigitalExperiments/LearnVHDL/dotdisp.vhd       ;
+----------------------------------+-----------------+-----------------+-----------------------------------------------------------------------------+


+-----------------------------------------------------------------------------+
; Analysis & Synthesis Resource Usage Summary                                 ;
+---------------------------------------------+-------------------------------+
; Resource                                    ; Usage                         ;
+---------------------------------------------+-------------------------------+
; Total logic elements                        ; 69                            ;
;     -- Combinational with no register       ; 50                            ;
;     -- Register only                        ; 4                             ;
;     -- Combinational with a register        ; 15                            ;
;                                             ;                               ;
; Logic element usage by number of LUT inputs ;                               ;
;     -- 4 input functions                    ; 30                            ;
;     -- 3 input functions                    ; 12                            ;
;     -- 2 input functions                    ; 19                            ;
;     -- 1 input functions                    ; 3                             ;
;     -- 0 input functions                    ; 1                             ;
;                                             ;                               ;
; Logic elements by mode                      ;                               ;
;     -- normal mode                          ; 56                            ;
;     -- arithmetic mode                      ; 13                            ;
;     -- qfbk mode                            ; 0                             ;
;     -- register cascade mode                ; 0                             ;
;     -- synchronous clear/load mode          ; 6                             ;
;     -- asynchronous clear/load mode         ; 16                            ;
;                                             ;                               ;
; Total registers                             ; 19                            ;
; Total logic cells in carry chains           ; 15                            ;
; I/O pins                                    ; 32                            ;
; Maximum fan-out node                        ; dotdisp:dot_array|scan_cnt[2] ;
; Maximum fan-out                             ; 21                            ;
; Total fan-out                               ; 272                           ;
; Average fan-out                             ; 2.69                          ;
+---------------------------------------------+-------------------------------+


+--------------------------------------------------------------------------------------------------------------------------------------------------------------------------------------------------------------------------------------------------+
; Analysis & Synthesis Resource Utilization by Entity                                                                                                                                                                                              ;
+------------------------------+-------------+--------------+------------+------+--------------+--------------+-------------------+------------------+-----------------+------------+-----------------------------------------------+--------------+
; Compilation Hierarchy Node   ; Logic Cells ; LC Registers ; UFM Blocks ; Pins ; Virtual Pins ; LUT-Only LCs ; Register-Only LCs ; LUT/Register LCs ; Carry Chain LCs ; Packed LCs ; Full Hierarchy Name                           ; Library Name ;
+------------------------------+-------------+--------------+------------+------+--------------+--------------+-------------------+------------------+-----------------+------------+-----------------------------------------------+--------------+
; |TrafficLightsControl        ; 69 (1)      ; 19           ; 0          ; 32   ; 0            ; 50 (1)       ; 4 (0)             ; 15 (0)           ; 15 (0)          ; 0 (0)      ; |TrafficLightsControl                         ; work         ;
;    |counter:maincounter|     ; 17 (17)     ; 6            ; 0          ; 0    ; 0            ; 11 (11)      ; 0 (0)             ; 6 (6)            ; 6 (6)           ; 0 (0)      ; |TrafficLightsControl|counter:maincounter     ; work         ;
;    |crossover1000:crossover| ; 21 (21)     ; 10           ; 0          ; 0    ; 0            ; 11 (11)      ; 3 (3)             ; 7 (7)            ; 9 (9)           ; 0 (0)      ; |TrafficLightsControl|crossover1000:crossover ; work         ;
;    |dotdisp:dot_array|       ; 30 (30)     ; 3            ; 0          ; 0    ; 0            ; 27 (27)      ; 1 (1)             ; 2 (2)            ; 0 (0)           ; 0 (0)      ; |TrafficLightsControl|dotdisp:dot_array       ; work         ;
+------------------------------+-------------+--------------+------------+------+--------------+--------------+-------------------+------------------+-----------------+------------+-----------------------------------------------+--------------+
Note: For table entries with two numbers listed, the numbers in parentheses indicate the number of resources of the given type used by the specific entity alone. The numbers listed outside of parentheses indicate the total resources of the given type used by the specific entity and all of its sub-entities in the hierarchy.


+------------------------------------------------------+
; General Register Statistics                          ;
+----------------------------------------------+-------+
; Statistic                                    ; Value ;
+----------------------------------------------+-------+
; Total registers                              ; 19    ;
; Number of registers using Synchronous Clear  ; 6     ;
; Number of registers using Synchronous Load   ; 0     ;
; Number of registers using Asynchronous Clear ; 10    ;
; Number of registers using Asynchronous Load  ; 6     ;
; Number of registers using Clock Enable       ; 0     ;
; Number of registers using Preset             ; 0     ;
+----------------------------------------------+-------+


+--------------------------------------------------+
; Inverted Register Statistics                     ;
+----------------------------------------+---------+
; Inverted Register                      ; Fan out ;
+----------------------------------------+---------+
; crossover1000:crossover|clk_tmp        ; 7       ;
; Total number of inverted registers = 1 ;         ;
+----------------------------------------+---------+


+-------------------------------------------------------------------------------------------------------------------------------------------------------------------------+
; Multiplexer Restructuring Statistics (Restructuring Performed)                                                                                                          ;
+--------------------+-----------+---------------+----------------------+------------------------+------------+-----------------------------------------------------------+
; Multiplexer Inputs ; Bus Width ; Baseline Area ; Area if Restructured ; Saving if Restructured ; Registered ; Example Multiplexer Output                                ;
+--------------------+-----------+---------------+----------------------+------------------------+------------+-----------------------------------------------------------+
; 5:1                ; 8 bits    ; 24 LEs        ; 0 LEs                ; 24 LEs                 ; No         ; |TrafficLightsControl|dotdisp:dot_array|Mux27             ;
; 4:1                ; 3 bits    ; 6 LEs         ; 6 LEs                ; 0 LEs                  ; No         ; |TrafficLightsControl|counter:maincounter|TrafficState[2] ;
; 3:1                ; 2 bits    ; 4 LEs         ; 2 LEs                ; 2 LEs                  ; No         ; |TrafficLightsControl|dotdisp:dot_array|Mux0              ;
; 3:1                ; 2 bits    ; 4 LEs         ; 2 LEs                ; 2 LEs                  ; No         ; |TrafficLightsControl|dotdisp:dot_array|Mux16             ;
; 3:1                ; 2 bits    ; 4 LEs         ; 4 LEs                ; 0 LEs                  ; No         ; |TrafficLightsControl|dotdisp:dot_array|Mux15             ;
; 4:1                ; 2 bits    ; 4 LEs         ; 2 LEs                ; 2 LEs                  ; No         ; |TrafficLightsControl|dotdisp:dot_array|Mux22             ;
; 4:1                ; 2 bits    ; 4 LEs         ; 2 LEs                ; 2 LEs                  ; No         ; |TrafficLightsControl|dotdisp:dot_array|Mux20             ;
; 10:1               ; 2 bits    ; 12 LEs        ; 12 LEs               ; 0 LEs                  ; No         ; |TrafficLightsControl|dotdisp:dot_array|Mux25             ;
+--------------------+-----------+---------------+----------------------+------------------------+------------+-----------------------------------------------------------+


+-------------------------------+
; Analysis & Synthesis Messages ;
+-------------------------------+
Info: *******************************************************************
Info: Running Quartus II 64-Bit Analysis & Synthesis
    Info: Version 9.1 Build 222 10/21/2009 SJ Full Version
    Info: Processing started: Sat Oct 10 14:15:00 2020
Info: Command: quartus_map --read_settings_files=on --write_settings_files=off TrafficLightsControl -c TrafficLightsControl
Info: Parallel compilation is enabled and will use 4 of the 4 processors detected
Info: Found 2 design units, including 1 entities, in source file maincomp.vhd
    Info: Found design unit 1: TrafficLightsControl-TrafficLightsControl_arch
    Info: Found entity 1: TrafficLightsControl
Info: Found 2 design units, including 1 entities, in source file crossover1000.vhd
    Info: Found design unit 1: crossover1000-crossover1000_arch
    Info: Found entity 1: crossover1000
Info: Found 2 design units, including 1 entities, in source file counter.vhd
    Info: Found design unit 1: counter-counter_arch
    Info: Found entity 1: counter
Info: Found 2 design units, including 1 entities, in source file dotdisp.vhd
    Info: Found design unit 1: dotdisp-dotdisp_arch
    Info: Found entity 1: dotdisp
Info: Elaborating entity "TrafficLightsControl" for the top level hierarchy
Info: Elaborating entity "crossover1000" for hierarchy "crossover1000:crossover"
Info: Elaborating entity "counter" for hierarchy "counter:maincounter"
Info: Elaborating entity "dotdisp" for hierarchy "dotdisp:dot_array"
Warning (10631): VHDL Process Statement warning at dotdisp.vhd(31): inferring latch(es) for signal or variable "row", which holds its previous value in one or more paths through the process
Warning (10631): VHDL Process Statement warning at dotdisp.vhd(31): inferring latch(es) for signal or variable "col_r", which holds its previous value in one or more paths through the process
Warning (10631): VHDL Process Statement warning at dotdisp.vhd(31): inferring latch(es) for signal or variable "col_g", which holds its previous value in one or more paths through the process
Info (10041): Inferred latch for "col_g[0]" at dotdisp.vhd(31)
Info (10041): Inferred latch for "col_g[1]" at dotdisp.vhd(31)
Info (10041): Inferred latch for "col_g[2]" at dotdisp.vhd(31)
Info (10041): Inferred latch for "col_g[3]" at dotdisp.vhd(31)
Info (10041): Inferred latch for "col_g[4]" at dotdisp.vhd(31)
Info (10041): Inferred latch for "col_g[5]" at dotdisp.vhd(31)
Info (10041): Inferred latch for "col_g[6]" at dotdisp.vhd(31)
Info (10041): Inferred latch for "col_g[7]" at dotdisp.vhd(31)
Info (10041): Inferred latch for "col_r[0]" at dotdisp.vhd(31)
Info (10041): Inferred latch for "col_r[1]" at dotdisp.vhd(31)
Info (10041): Inferred latch for "col_r[2]" at dotdisp.vhd(31)
Info (10041): Inferred latch for "col_r[3]" at dotdisp.vhd(31)
Info (10041): Inferred latch for "col_r[4]" at dotdisp.vhd(31)
Info (10041): Inferred latch for "col_r[5]" at dotdisp.vhd(31)
Info (10041): Inferred latch for "col_r[6]" at dotdisp.vhd(31)
Info (10041): Inferred latch for "col_r[7]" at dotdisp.vhd(31)
Info (10041): Inferred latch for "row[0]" at dotdisp.vhd(31)
Info (10041): Inferred latch for "row[1]" at dotdisp.vhd(31)
Info (10041): Inferred latch for "row[2]" at dotdisp.vhd(31)
Info (10041): Inferred latch for "row[3]" at dotdisp.vhd(31)
Info (10041): Inferred latch for "row[4]" at dotdisp.vhd(31)
Info (10041): Inferred latch for "row[5]" at dotdisp.vhd(31)
Info (10041): Inferred latch for "row[6]" at dotdisp.vhd(31)
Info (10041): Inferred latch for "row[7]" at dotdisp.vhd(31)
Warning: LATCH primitive "dotdisp:dot_array|row[0]" is permanently enabled
Warning: LATCH primitive "dotdisp:dot_array|row[1]" is permanently enabled
Warning: LATCH primitive "dotdisp:dot_array|row[2]" is permanently enabled
Warning: LATCH primitive "dotdisp:dot_array|row[3]" is permanently enabled
Warning: LATCH primitive "dotdisp:dot_array|row[4]" is permanently enabled
Warning: LATCH primitive "dotdisp:dot_array|row[5]" is permanently enabled
Warning: LATCH primitive "dotdisp:dot_array|row[6]" is permanently enabled
Warning: LATCH primitive "dotdisp:dot_array|row[7]" is permanently enabled
Warning: LATCH primitive "dotdisp:dot_array|col_r[0]" is permanently enabled
Warning: LATCH primitive "dotdisp:dot_array|col_r[1]" is permanently enabled
Warning: LATCH primitive "dotdisp:dot_array|col_r[2]" is permanently enabled
Warning: LATCH primitive "dotdisp:dot_array|col_r[5]" is permanently enabled
Warning: LATCH primitive "dotdisp:dot_array|col_r[6]" is permanently enabled
Warning: LATCH primitive "dotdisp:dot_array|col_r[7]" is permanently enabled
Warning: LATCH primitive "dotdisp:dot_array|col_g[0]" is permanently enabled
Warning: LATCH primitive "dotdisp:dot_array|col_g[1]" is permanently enabled
Warning: LATCH primitive "dotdisp:dot_array|col_g[2]" is permanently enabled
Warning: LATCH primitive "dotdisp:dot_array|col_g[5]" is permanently enabled
Warning: LATCH primitive "dotdisp:dot_array|col_g[6]" is permanently enabled
Warning: LATCH primitive "dotdisp:dot_array|col_g[7]" is permanently enabled
Warning: Output pins are stuck at VCC or GND
    Warning (13410): Pin "col_r[3]" is stuck at GND
    Warning (13410): Pin "col_r[4]" is stuck at GND
    Warning (13410): Pin "col_g[3]" is stuck at GND
    Warning (13410): Pin "col_g[4]" is stuck at GND
Info: Registers with preset signals will power-up high
Info: Implemented 101 device resources after synthesis - the final resource count might be different
    Info: Implemented 2 input pins
    Info: Implemented 30 output pins
    Info: Implemented 69 logic cells
Info: Quartus II 64-Bit Analysis & Synthesis was successful. 0 errors, 28 warnings
    Info: Peak virtual memory: 4456 megabytes
    Info: Processing ended: Sat Oct 10 14:15:01 2020
    Info: Elapsed time: 00:00:01
    Info: Total CPU time (on all processors): 00:00:02


