--------------------------------------------------------------------------------------
Timing Analyzer Summary
--------------------------------------------------------------------------------------

Type           : Worst-case tsu
Slack          : N/A
Required Time  : None
Actual Time    : 1.777 ns
From           : rst
To             : Stabilizer:stab|tmp1
From Clock     : --
To Clock       : clk
Failed Paths   : 0

Type           : Worst-case tco
Slack          : N/A
Required Time  : None
Actual Time    : 28.600 ns
From           : DigitalTubeCounter:DTC|TubeCode0Out[1]
To             : TubeDispOut[2]
From Clock     : clk
To Clock       : --
Failed Paths   : 0

Type           : Worst-case th
Slack          : N/A
Required Time  : None
Actual Time    : -1.223 ns
From           : rst
To             : Stabilizer:stab|tmp1
From Clock     : --
To Clock       : clk
Failed Paths   : 0

Type           : Clock Setup: 'clk'
Slack          : N/A
Required Time  : None
Actual Time    : 156.99 MHz ( period = 6.370 ns )
From           : crossover1000:crossover|c[0]
To             : crossover1000:crossover|c[6]
From Clock     : clk
To Clock       : clk
Failed Paths   : 0

Type           : Clock Hold: 'clk'
Slack          : Not operational: Clock Skew > Data Delay
Required Time  : None
Actual Time    : N/A
From           : counter:maincounter|cnt_tmp[4]
To             : DigitalTubeCounter:DTC|TubeCode1Out[1]
From Clock     : clk
To Clock       : clk
Failed Paths   : 71

Type           : Total number of failed paths
Slack          : 
Required Time  : 
Actual Time    : 
From           : 
To             : 
From Clock     : 
To Clock       : 
Failed Paths   : 71

--------------------------------------------------------------------------------------

